c:\practicas compu grafica\p3\practica3\practica3\x64\debug\vc145.pdb
c:\practicas compu grafica\p3\practica3\practica3\x64\debug\vc145.idb
c:\practicas compu grafica\p3\practica3\practica3\x64\debug\window.obj
c:\practicas compu grafica\p3\practica3\practica3\x64\debug\sphere.obj
c:\practicas compu grafica\p3\practica3\practica3\x64\debug\shader.obj
c:\practicas compu grafica\p3\practica3\practica3\x64\debug\mesh.obj
c:\practicas compu grafica\p3\practica3\practica3\x64\debug\camera.obj
c:\practicas compu grafica\p3\practica3\practica3\x64\debug\practica3.obj
c:\practicas compu grafica\p3\practica3\x64\debug\practica3.exe
c:\practicas compu grafica\p3\practica3\x64\debug\practica3.pdb
c:\practicas compu grafica\p3\practica3\practica3\x64\debug\practica3.ilk
c:\practicas compu grafica\p3\practica3\practica3\x64\debug\practica3.tlog\cl.command.1.tlog
c:\practicas compu grafica\p3\practica3\practica3\x64\debug\practica3.tlog\cl.items.tlog
c:\practicas compu grafica\p3\practica3\practica3\x64\debug\practica3.tlog\cl.read.1.tlog
c:\practicas compu grafica\p3\practica3\practica3\x64\debug\practica3.tlog\cl.write.1.tlog
c:\practicas compu grafica\p3\practica3\practica3\x64\debug\practica3.tlog\link.command.1.tlog
c:\practicas compu grafica\p3\practica3\practica3\x64\debug\practica3.tlog\link.read.1.tlog
c:\practicas compu grafica\p3\practica3\practica3\x64\debug\practica3.tlog\link.secondary.1.tlog
c:\practicas compu grafica\p3\practica3\practica3\x64\debug\practica3.tlog\link.write.1.tlog
c:\practicas compu grafica\p3\practica3\practica3\x64\debug\practica3.tlog\practica3.write.1u.tlog
